// Jest Snapshot v1, https://goo.gl/fbAQLP

exports[`With Snapshot Testing App shows "Calculadora CDB" 1`] = `
<div
  style={
    Object {
      "border": "1px solid #DDD",
      "margin": 20,
      "padding": 20,
    }
  }
>
  <div>
    <a
      href="/"
      onClick={[Function]}
      onMouseEnter={[Function]}
      style={
        Object {
          "marginRight": 15,
        }
      }
    >
      Home
    </a>
    <a
      href="/about"
      onClick={[Function]}
      onMouseEnter={[Function]}
      style={
        Object {
          "marginRight": 15,
        }
      }
    >
      About
    </a>
  </div>
  <div>
    <h1>
      Calculadora CDB
    </h1>
    <div>
      <form
        onSubmit={[Function]}
      >
        <label>
          Data inicial do investimento:
          <input
            id="startDate"
            onChange={[Function]}
            type="date"
            value=""
          />
        </label>
        <br />
        <label>
          Taxa do CDB:
          <input
            onChange={[Function]}
            type="text"
            value=""
          />
        </label>
        <br />
        <label>
          Data atual:
          <input
            id="endDate"
            onChange={[Function]}
            type="date"
            value=""
          />
        </label>
        <br />
        <input
          type="submit"
          value="Submit"
        />
      </form>
      <br />
      Result: 
      
    </div>
  </div>
</div>
`;
